=================================================================
==2257166==ERROR: AddressSanitizer: heap-buffer-overflow on address 0xe6700538 at pc 0x5dfd2902 bp 0xffec8448 sp 0xffec801c
WRITE of size 16 at 0xe6700538 thread T0
    #0 0x5dfd2901 in __asan_memcpy (/home/kaitoozawa.guest/ifn657/assignments/assignment_2/sentinel_network/sentinel_network_asan_ubsan+0xbc901) (BuildId: 006626492187b053caab2cf57757f866090167d7)
    #1 0x5e0206aa in append_telecommand_payload /home/kaitoozawa.guest/ifn657/assignments/assignment_2/sentinel_network.c:68:5
    #2 0x5e0206aa in dispatch_telecommand /home/kaitoozawa.guest/ifn657/assignments/assignment_2/sentinel_network.c:136:17
    #3 0x5e020d11 in old_main /home/kaitoozawa.guest/ifn657/assignments/assignment_2/sentinel_network.c:180:17
    #4 0x5e021328 in main /home/kaitoozawa.guest/ifn657/assignments/assignment_2/sentinel_network.c:198:15
    #5 0xe8d10f5b in __libc_start_call_main csu/../sysdeps/nptl/libc_start_call_main.h:59:16
    #6 0xe8d11097 in __libc_start_main csu/../csu/libc-start.c:360:3
    #7 0x5df32496 in _start (/home/kaitoozawa.guest/ifn657/assignments/assignment_2/sentinel_network/sentinel_network_asan_ubsan+0x1c496) (BuildId: 006626492187b053caab2cf57757f866090167d7)

0xe6700538 is located 0 bytes after 8-byte region [0xe6700530,0xe6700538)
allocated by thread T0 here:
    #0 0x5dfd4b71 in malloc (/home/kaitoozawa.guest/ifn657/assignments/assignment_2/sentinel_network/sentinel_network_asan_ubsan+0xbeb71) (BuildId: 006626492187b053caab2cf57757f866090167d7)
    #1 0x5e02048e in create_telecommand_record /home/kaitoozawa.guest/ifn657/assignments/assignment_2/sentinel_network.c:53:27
    #2 0x5e02048e in dispatch_telecommand /home/kaitoozawa.guest/ifn657/assignments/assignment_2/sentinel_network.c:134:19
    #3 0x5e020d11 in old_main /home/kaitoozawa.guest/ifn657/assignments/assignment_2/sentinel_network.c:180:17
    #4 0x5e021328 in main /home/kaitoozawa.guest/ifn657/assignments/assignment_2/sentinel_network.c:198:15
    #5 0xe8d10f5b in __libc_start_call_main csu/../sysdeps/nptl/libc_start_call_main.h:59:16

SUMMARY: AddressSanitizer: heap-buffer-overflow (/home/kaitoozawa.guest/ifn657/assignments/assignment_2/sentinel_network/sentinel_network_asan_ubsan+0xbc901) (BuildId: 006626492187b053caab2cf57757f866090167d7) in __asan_memcpy
Shadow bytes around the buggy address:
  0xe6700280: fa fa fa fa fa fa fa fa fa fa fa fa fa fa fa fa
  0xe6700300: fa fa fa fa fa fa fa fa fa fa fa fa fa fa fa fa
  0xe6700380: fa fa fa fa fa fa fa fa fa fa fa fa fa fa fa fa
  0xe6700400: fa fa fa fa fa fa fa fa fa fa fa fa fa fa fa fa
  0xe6700480: fa fa fa fa fa fa fa fa fa fa fa fa fa fa fa fa
=>0xe6700500: fa fa fa fa fa fa 00[fa]fa fa 00 04 fa fa 00 04
  0xe6700580: fa fa 00 04 fa fa 00 04 fa fa 00 04 fa fa 00 04
  0xe6700600: fa fa 00 04 fa fa 00 04 fa fa 00 04 fa fa fd fd
  0xe6700680: fa fa fd fd fa fa fd fd fa fa fd fd fa fa fd fd
  0xe6700700: fa fa fd fd fa fa fd fd fa fa fd fd fa fa fd fd
  0xe6700780: fa fa fd fd fa fa 00 00 fa fa fa fa fa fa fa fa
Shadow byte legend (one shadow byte represents 8 application bytes):
  Addressable:           00
  Partially addressable: 01 02 03 04 05 06 07 
  Heap left redzone:       fa
  Freed heap region:       fd
  Stack left redzone:      f1
  Stack mid redzone:       f2
  Stack right redzone:     f3
  Stack after return:      f5
  Stack use after scope:   f8
  Global redzone:          f9
  Global init order:       f6
  Poisoned by user:        f7
  Container overflow:      fc
  Array cookie:            ac
  Intra object redzone:    bb
  ASan internal:           fe
  Left alloca redzone:     ca
  Right alloca redzone:    cb
==2257166==ABORTING
findings/nosan2/crashes/id:000016,sig:06,src:000064,time:5796247,execs:3186839,op:havoc,rep:31
