=================================================================
==2256808==ERROR: AddressSanitizer: heap-buffer-overflow on address 0xead00735 at pc 0x601c5902 bp 0xffd0efa8 sp 0xffd0eb7c
WRITE of size 13 at 0xead00735 thread T0
    #0 0x601c5901 in __asan_memcpy (/home/kaitoozawa.guest/ifn657/assignments/assignment_2/sentinel_network/sentinel_network_asan_ubsan+0xbc901) (BuildId: 006626492187b053caab2cf57757f866090167d7)
    #1 0x602136aa in append_telecommand_payload /home/kaitoozawa.guest/ifn657/assignments/assignment_2/sentinel_network.c:68:5
    #2 0x602136aa in dispatch_telecommand /home/kaitoozawa.guest/ifn657/assignments/assignment_2/sentinel_network.c:136:17
    #3 0x60213d11 in old_main /home/kaitoozawa.guest/ifn657/assignments/assignment_2/sentinel_network.c:180:17
    #4 0x60214328 in main /home/kaitoozawa.guest/ifn657/assignments/assignment_2/sentinel_network.c:198:15
    #5 0xed342f5b in __libc_start_call_main csu/../sysdeps/nptl/libc_start_call_main.h:59:16
    #6 0xed343097 in __libc_start_main csu/../csu/libc-start.c:360:3
    #7 0x60125496 in _start (/home/kaitoozawa.guest/ifn657/assignments/assignment_2/sentinel_network/sentinel_network_asan_ubsan+0x1c496) (BuildId: 006626492187b053caab2cf57757f866090167d7)

0xead00735 is located 0 bytes after 5-byte region [0xead00730,0xead00735)
allocated by thread T0 here:
    #0 0x601c7b71 in malloc (/home/kaitoozawa.guest/ifn657/assignments/assignment_2/sentinel_network/sentinel_network_asan_ubsan+0xbeb71) (BuildId: 006626492187b053caab2cf57757f866090167d7)
    #1 0x6021348e in create_telecommand_record /home/kaitoozawa.guest/ifn657/assignments/assignment_2/sentinel_network.c:53:27
    #2 0x6021348e in dispatch_telecommand /home/kaitoozawa.guest/ifn657/assignments/assignment_2/sentinel_network.c:134:19
    #3 0x60213d11 in old_main /home/kaitoozawa.guest/ifn657/assignments/assignment_2/sentinel_network.c:180:17
    #4 0x60214328 in main /home/kaitoozawa.guest/ifn657/assignments/assignment_2/sentinel_network.c:198:15
    #5 0xed342f5b in __libc_start_call_main csu/../sysdeps/nptl/libc_start_call_main.h:59:16

SUMMARY: AddressSanitizer: heap-buffer-overflow (/home/kaitoozawa.guest/ifn657/assignments/assignment_2/sentinel_network/sentinel_network_asan_ubsan+0xbc901) (BuildId: 006626492187b053caab2cf57757f866090167d7) in __asan_memcpy
Shadow bytes around the buggy address:
  0xead00480: fa fa fa fa fa fa fa fa fa fa fa fa fa fa fa fa
  0xead00500: fa fa fa fa fa fa fa fa fa fa fa fa fa fa fa fa
  0xead00580: fa fa fa fa fa fa fa fa fa fa fa fa fa fa fa fa
  0xead00600: fa fa fa fa fa fa fa fa fa fa fa fa fa fa fa fa
  0xead00680: fa fa fa fa fa fa fa fa fa fa fa fa fa fa fa fa
=>0xead00700: fa fa fa fa fa fa[05]fa fa fa 00 04 fa fa 00 04
  0xead00780: fa fa 00 04 fa fa 00 00 fa fa fa fa fa fa fa fa
  0xead00800: fa fa fa fa fa fa fa fa fa fa fa fa fa fa fa fa
  0xead00880: fa fa fa fa fa fa fa fa fa fa fa fa fa fa fa fa
  0xead00900: fa fa fa fa fa fa fa fa fa fa fa fa fa fa fa fa
  0xead00980: fa fa fa fa fa fa fa fa fa fa fa fa fa fa fa fa
Shadow byte legend (one shadow byte represents 8 application bytes):
  Addressable:           00
  Partially addressable: 01 02 03 04 05 06 07 
  Heap left redzone:       fa
  Freed heap region:       fd
  Stack left redzone:      f1
  Stack mid redzone:       f2
  Stack right redzone:     f3
  Stack after return:      f5
  Stack use after scope:   f8
  Global redzone:          f9
  Global init order:       f6
  Poisoned by user:        f7
  Container overflow:      fc
  Array cookie:            ac
  Intra object redzone:    bb
  ASan internal:           fe
  Left alloca redzone:     ca
  Right alloca redzone:    cb
==2256808==ABORTING
findings/master_nosan/crashes/id:000010,sig:06,src:000019,time:24260,execs:17197,op:havoc,rep:6
