=================================================================
==2257132==ERROR: AddressSanitizer: heap-buffer-overflow on address 0xef300651 at pc 0x56dd5902 bp 0xffe9d6e8 sp 0xffe9d2bc
WRITE of size 9 at 0xef300651 thread T0
    #0 0x56dd5901 in __asan_memcpy (/home/kaitoozawa.guest/ifn657/assignments/assignment_2/sentinel_network/sentinel_network_asan_ubsan+0xbc901) (BuildId: 006626492187b053caab2cf57757f866090167d7)
    #1 0x56e236aa in append_telecommand_payload /home/kaitoozawa.guest/ifn657/assignments/assignment_2/sentinel_network.c:68:5
    #2 0x56e236aa in dispatch_telecommand /home/kaitoozawa.guest/ifn657/assignments/assignment_2/sentinel_network.c:136:17
    #3 0x56e23d11 in old_main /home/kaitoozawa.guest/ifn657/assignments/assignment_2/sentinel_network.c:180:17
    #4 0x56e24328 in main /home/kaitoozawa.guest/ifn657/assignments/assignment_2/sentinel_network.c:198:15
    #5 0xf185ef5b in __libc_start_call_main csu/../sysdeps/nptl/libc_start_call_main.h:59:16
    #6 0xf185f097 in __libc_start_main csu/../csu/libc-start.c:360:3
    #7 0x56d35496 in _start (/home/kaitoozawa.guest/ifn657/assignments/assignment_2/sentinel_network/sentinel_network_asan_ubsan+0x1c496) (BuildId: 006626492187b053caab2cf57757f866090167d7)

0xef300651 is located 0 bytes after 1-byte region [0xef300650,0xef300651)
allocated by thread T0 here:
    #0 0x56dd7b71 in malloc (/home/kaitoozawa.guest/ifn657/assignments/assignment_2/sentinel_network/sentinel_network_asan_ubsan+0xbeb71) (BuildId: 006626492187b053caab2cf57757f866090167d7)
    #1 0x56e2348e in create_telecommand_record /home/kaitoozawa.guest/ifn657/assignments/assignment_2/sentinel_network.c:53:27
    #2 0x56e2348e in dispatch_telecommand /home/kaitoozawa.guest/ifn657/assignments/assignment_2/sentinel_network.c:134:19
    #3 0x56e23d11 in old_main /home/kaitoozawa.guest/ifn657/assignments/assignment_2/sentinel_network.c:180:17
    #4 0x56e24328 in main /home/kaitoozawa.guest/ifn657/assignments/assignment_2/sentinel_network.c:198:15
    #5 0xf185ef5b in __libc_start_call_main csu/../sysdeps/nptl/libc_start_call_main.h:59:16

SUMMARY: AddressSanitizer: heap-buffer-overflow (/home/kaitoozawa.guest/ifn657/assignments/assignment_2/sentinel_network/sentinel_network_asan_ubsan+0xbc901) (BuildId: 006626492187b053caab2cf57757f866090167d7) in __asan_memcpy
Shadow bytes around the buggy address:
  0xef300380: fa fa fa fa fa fa fa fa fa fa fa fa fa fa fa fa
  0xef300400: fa fa fa fa fa fa fa fa fa fa fa fa fa fa fa fa
  0xef300480: fa fa fa fa fa fa fa fa fa fa fa fa fa fa fa fa
  0xef300500: fa fa fa fa fa fa fa fa fa fa fa fa fa fa fa fa
  0xef300580: fa fa fa fa fa fa fa fa fa fa fa fa fa fa fa fa
=>0xef300600: fa fa fa fa fa fa fa fa fa fa[01]fa fa fa 00 04
  0xef300680: fa fa 00 04 fa fa 00 04 fa fa fd fd fa fa fd fd
  0xef300700: fa fa fd fd fa fa fd fd fa fa fd fd fa fa fd fd
  0xef300780: fa fa fd fd fa fa 00 00 fa fa fa fa fa fa fa fa
  0xef300800: fa fa fa fa fa fa fa fa fa fa fa fa fa fa fa fa
  0xef300880: fa fa fa fa fa fa fa fa fa fa fa fa fa fa fa fa
Shadow byte legend (one shadow byte represents 8 application bytes):
  Addressable:           00
  Partially addressable: 01 02 03 04 05 06 07 
  Heap left redzone:       fa
  Freed heap region:       fd
  Stack left redzone:      f1
  Stack mid redzone:       f2
  Stack right redzone:     f3
  Stack after return:      f5
  Stack use after scope:   f8
  Global redzone:          f9
  Global init order:       f6
  Poisoned by user:        f7
  Container overflow:      fc
  Array cookie:            ac
  Intra object redzone:    bb
  ASan internal:           fe
  Left alloca redzone:     ca
  Right alloca redzone:    cb
==2257132==ABORTING
findings/nosan2/crashes/id:000011,sig:06,src:000023,time:47450,execs:35873,op:havoc,rep:2
