=================================================================
==2256855==ERROR: AddressSanitizer: heap-buffer-overflow on address 0xf1900538 at pc 0x5be1b902 bp 0xffbbe028 sp 0xffbbdbfc
WRITE of size 16 at 0xf1900538 thread T0
    #0 0x5be1b901 in __asan_memcpy (/home/kaitoozawa.guest/ifn657/assignments/assignment_2/sentinel_network/sentinel_network_asan_ubsan+0xbc901) (BuildId: 006626492187b053caab2cf57757f866090167d7)
    #1 0x5be696aa in append_telecommand_payload /home/kaitoozawa.guest/ifn657/assignments/assignment_2/sentinel_network.c:68:5
    #2 0x5be696aa in dispatch_telecommand /home/kaitoozawa.guest/ifn657/assignments/assignment_2/sentinel_network.c:136:17
    #3 0x5be69d11 in old_main /home/kaitoozawa.guest/ifn657/assignments/assignment_2/sentinel_network.c:180:17
    #4 0x5be6a328 in main /home/kaitoozawa.guest/ifn657/assignments/assignment_2/sentinel_network.c:198:15
    #5 0xf3f58f5b in __libc_start_call_main csu/../sysdeps/nptl/libc_start_call_main.h:59:16
    #6 0xf3f59097 in __libc_start_main csu/../csu/libc-start.c:360:3
    #7 0x5bd7b496 in _start (/home/kaitoozawa.guest/ifn657/assignments/assignment_2/sentinel_network/sentinel_network_asan_ubsan+0x1c496) (BuildId: 006626492187b053caab2cf57757f866090167d7)

0xf1900538 is located 0 bytes after 8-byte region [0xf1900530,0xf1900538)
allocated by thread T0 here:
    #0 0x5be1db71 in malloc (/home/kaitoozawa.guest/ifn657/assignments/assignment_2/sentinel_network/sentinel_network_asan_ubsan+0xbeb71) (BuildId: 006626492187b053caab2cf57757f866090167d7)
    #1 0x5be6948e in create_telecommand_record /home/kaitoozawa.guest/ifn657/assignments/assignment_2/sentinel_network.c:53:27
    #2 0x5be6948e in dispatch_telecommand /home/kaitoozawa.guest/ifn657/assignments/assignment_2/sentinel_network.c:134:19
    #3 0x5be69d11 in old_main /home/kaitoozawa.guest/ifn657/assignments/assignment_2/sentinel_network.c:180:17
    #4 0x5be6a328 in main /home/kaitoozawa.guest/ifn657/assignments/assignment_2/sentinel_network.c:198:15
    #5 0xf3f58f5b in __libc_start_call_main csu/../sysdeps/nptl/libc_start_call_main.h:59:16

SUMMARY: AddressSanitizer: heap-buffer-overflow (/home/kaitoozawa.guest/ifn657/assignments/assignment_2/sentinel_network/sentinel_network_asan_ubsan+0xbc901) (BuildId: 006626492187b053caab2cf57757f866090167d7) in __asan_memcpy
Shadow bytes around the buggy address:
  0xf1900280: fa fa fa fa fa fa fa fa fa fa fa fa fa fa fa fa
  0xf1900300: fa fa fa fa fa fa fa fa fa fa fa fa fa fa fa fa
  0xf1900380: fa fa fa fa fa fa fa fa fa fa fa fa fa fa fa fa
  0xf1900400: fa fa fa fa fa fa fa fa fa fa fa fa fa fa fa fa
  0xf1900480: fa fa fa fa fa fa fa fa fa fa fa fa fa fa fa fa
=>0xf1900500: fa fa fa fa fa fa 00[fa]fa fa 00 04 fa fa 00 04
  0xf1900580: fa fa 00 04 fa fa 00 04 fa fa 00 04 fa fa 00 04
  0xf1900600: fa fa 00 04 fa fa 00 04 fa fa 00 04 fa fa fd fd
  0xf1900680: fa fa fd fd fa fa fd fd fa fa fd fd fa fa fd fd
  0xf1900700: fa fa fd fd fa fa fd fd fa fa fd fd fa fa fd fd
  0xf1900780: fa fa fd fd fa fa 00 00 fa fa fa fa fa fa fa fa
Shadow byte legend (one shadow byte represents 8 application bytes):
  Addressable:           00
  Partially addressable: 01 02 03 04 05 06 07 
  Heap left redzone:       fa
  Freed heap region:       fd
  Stack left redzone:      f1
  Stack mid redzone:       f2
  Stack right redzone:     f3
  Stack after return:      f5
  Stack use after scope:   f8
  Global redzone:          f9
  Global init order:       f6
  Poisoned by user:        f7
  Container overflow:      fc
  Array cookie:            ac
  Intra object redzone:    bb
  ASan internal:           fe
  Left alloca redzone:     ca
  Right alloca redzone:    cb
==2256855==ABORTING
findings/master_nosan/crashes/id:000017,sig:06,src:000058,time:4375745,execs:2753054,op:havoc,rep:2
