=================================================================
==2257083==ERROR: AddressSanitizer: heap-use-after-free on address 0xf4400790 at pc 0x5bbcebe1 bp 0xff992f48 sp 0xff992f40
READ of size 4 at 0xf4400790 thread T0
    #0 0x5bbcebe0 in release_telecommand_record /home/kaitoozawa.guest/ifn657/assignments/assignment_2/sentinel_network.c:73:14
    #1 0x5bbcebe0 in emergency_command_cleanup /home/kaitoozawa.guest/ifn657/assignments/assignment_2/sentinel_network.c:83:13
    #2 0x5bbcfebb in old_main /home/kaitoozawa.guest/ifn657/assignments/assignment_2/sentinel_network.c:189:5
    #3 0x5bbd0328 in main /home/kaitoozawa.guest/ifn657/assignments/assignment_2/sentinel_network.c:198:15
    #4 0xf698cf5b in __libc_start_call_main csu/../sysdeps/nptl/libc_start_call_main.h:59:16
    #5 0xf698d097 in __libc_start_main csu/../csu/libc-start.c:360:3
    #6 0x5bae1496 in _start (/home/kaitoozawa.guest/ifn657/assignments/assignment_2/sentinel_network/sentinel_network_asan_ubsan+0x1c496) (BuildId: 006626492187b053caab2cf57757f866090167d7)

0xf4400790 is located 0 bytes inside of 12-byte region [0xf4400790,0xf440079c)
freed by thread T0 here:
    #0 0x5bb838ee in free (/home/kaitoozawa.guest/ifn657/assignments/assignment_2/sentinel_network/sentinel_network_asan_ubsan+0xbe8ee) (BuildId: 006626492187b053caab2cf57757f866090167d7)
    #1 0x5bbce2c1 in release_telecommand_record /home/kaitoozawa.guest/ifn657/assignments/assignment_2/sentinel_network.c:77:5
    #2 0x5bbce2c1 in emergency_command_cleanup /home/kaitoozawa.guest/ifn657/assignments/assignment_2/sentinel_network.c:83:13
    #3 0x5bbcf57b in dispatch_telecommand /home/kaitoozawa.guest/ifn657/assignments/assignment_2/sentinel_network.c:142:13
    #4 0x5bbcfd11 in old_main /home/kaitoozawa.guest/ifn657/assignments/assignment_2/sentinel_network.c:180:17
    #5 0x5bbd0328 in main /home/kaitoozawa.guest/ifn657/assignments/assignment_2/sentinel_network.c:198:15
    #6 0xf698cf5b in __libc_start_call_main csu/../sysdeps/nptl/libc_start_call_main.h:59:16

previously allocated by thread T0 here:
    #0 0x5bb83b71 in malloc (/home/kaitoozawa.guest/ifn657/assignments/assignment_2/sentinel_network/sentinel_network_asan_ubsan+0xbeb71) (BuildId: 006626492187b053caab2cf57757f866090167d7)
    #1 0x5bbcf452 in create_telecommand_record /home/kaitoozawa.guest/ifn657/assignments/assignment_2/sentinel_network.c:49:51
    #2 0x5bbcf452 in dispatch_telecommand /home/kaitoozawa.guest/ifn657/assignments/assignment_2/sentinel_network.c:134:19
    #3 0x5bbcfd11 in old_main /home/kaitoozawa.guest/ifn657/assignments/assignment_2/sentinel_network.c:180:17
    #4 0x5bbd0328 in main /home/kaitoozawa.guest/ifn657/assignments/assignment_2/sentinel_network.c:198:15
    #5 0xf698cf5b in __libc_start_call_main csu/../sysdeps/nptl/libc_start_call_main.h:59:16

SUMMARY: AddressSanitizer: heap-use-after-free /home/kaitoozawa.guest/ifn657/assignments/assignment_2/sentinel_network.c:73:14 in release_telecommand_record
Shadow bytes around the buggy address:
  0xf4400500: fa fa fa fa fa fa fa fa fa fa fa fa fa fa fa fa
  0xf4400580: fa fa fa fa fa fa fa fa fa fa fa fa fa fa fa fa
  0xf4400600: fa fa fa fa fa fa fa fa fa fa fa fa fa fa fa fa
  0xf4400680: fa fa fa fa fa fa fa fa fa fa fa fa fa fa fa fa
  0xf4400700: fa fa fa fa fa fa fa fa fa fa fa fa fa fa fd fd
=>0xf4400780: fa fa[fd]fd fa fa 00 00 fa fa fa fa fa fa fa fa
  0xf4400800: fa fa fa fa fa fa fa fa fa fa fa fa fa fa fa fa
  0xf4400880: fa fa fa fa fa fa fa fa fa fa fa fa fa fa fa fa
  0xf4400900: fa fa fa fa fa fa fa fa fa fa fa fa fa fa fa fa
  0xf4400980: fa fa fa fa fa fa fa fa fa fa fa fa fa fa fa fa
  0xf4400a00: fa fa fa fa fa fa fa fa fa fa fa fa fa fa fa fa
Shadow byte legend (one shadow byte represents 8 application bytes):
  Addressable:           00
  Partially addressable: 01 02 03 04 05 06 07 
  Heap left redzone:       fa
  Freed heap region:       fd
  Stack left redzone:      f1
  Stack mid redzone:       f2
  Stack right redzone:     f3
  Stack after return:      f5
  Stack use after scope:   f8
  Global redzone:          f9
  Global init order:       f6
  Poisoned by user:        f7
  Container overflow:      fc
  Array cookie:            ac
  Intra object redzone:    bb
  ASan internal:           fe
  Left alloca redzone:     ca
  Right alloca redzone:    cb
==2257083==ABORTING
findings/nosan2/crashes/id:000004,sig:06,src:000013,time:8616,execs:7497,op:havoc,rep:1
