=================================================================
==2257159==ERROR: AddressSanitizer: heap-buffer-overflow on address 0xe7f005f3 at pc 0x65e83902 bp 0xffc510c8 sp 0xffc50c9c
WRITE of size 11 at 0xe7f005f3 thread T0
    #0 0x65e83901 in __asan_memcpy (/home/kaitoozawa.guest/ifn657/assignments/assignment_2/sentinel_network/sentinel_network_asan_ubsan+0xbc901) (BuildId: 006626492187b053caab2cf57757f866090167d7)
    #1 0x65ed16aa in append_telecommand_payload /home/kaitoozawa.guest/ifn657/assignments/assignment_2/sentinel_network.c:68:5
    #2 0x65ed16aa in dispatch_telecommand /home/kaitoozawa.guest/ifn657/assignments/assignment_2/sentinel_network.c:136:17
    #3 0x65ed1d11 in old_main /home/kaitoozawa.guest/ifn657/assignments/assignment_2/sentinel_network.c:180:17
    #4 0x65ed2328 in main /home/kaitoozawa.guest/ifn657/assignments/assignment_2/sentinel_network.c:198:15
    #5 0xea557f5b in __libc_start_call_main csu/../sysdeps/nptl/libc_start_call_main.h:59:16
    #6 0xea558097 in __libc_start_main csu/../csu/libc-start.c:360:3
    #7 0x65de3496 in _start (/home/kaitoozawa.guest/ifn657/assignments/assignment_2/sentinel_network/sentinel_network_asan_ubsan+0x1c496) (BuildId: 006626492187b053caab2cf57757f866090167d7)

0xe7f005f3 is located 0 bytes after 3-byte region [0xe7f005f0,0xe7f005f3)
allocated by thread T0 here:
    #0 0x65e85b71 in malloc (/home/kaitoozawa.guest/ifn657/assignments/assignment_2/sentinel_network/sentinel_network_asan_ubsan+0xbeb71) (BuildId: 006626492187b053caab2cf57757f866090167d7)
    #1 0x65ed148e in create_telecommand_record /home/kaitoozawa.guest/ifn657/assignments/assignment_2/sentinel_network.c:53:27
    #2 0x65ed148e in dispatch_telecommand /home/kaitoozawa.guest/ifn657/assignments/assignment_2/sentinel_network.c:134:19
    #3 0x65ed1d11 in old_main /home/kaitoozawa.guest/ifn657/assignments/assignment_2/sentinel_network.c:180:17
    #4 0x65ed2328 in main /home/kaitoozawa.guest/ifn657/assignments/assignment_2/sentinel_network.c:198:15
    #5 0xea557f5b in __libc_start_call_main csu/../sysdeps/nptl/libc_start_call_main.h:59:16

SUMMARY: AddressSanitizer: heap-buffer-overflow (/home/kaitoozawa.guest/ifn657/assignments/assignment_2/sentinel_network/sentinel_network_asan_ubsan+0xbc901) (BuildId: 006626492187b053caab2cf57757f866090167d7) in __asan_memcpy
Shadow bytes around the buggy address:
  0xe7f00300: fa fa fa fa fa fa fa fa fa fa fa fa fa fa fa fa
  0xe7f00380: fa fa fa fa fa fa fa fa fa fa fa fa fa fa fa fa
  0xe7f00400: fa fa fa fa fa fa fa fa fa fa fa fa fa fa fa fa
  0xe7f00480: fa fa fa fa fa fa fa fa fa fa fa fa fa fa fa fa
  0xe7f00500: fa fa fa fa fa fa fa fa fa fa fa fa fa fa fa fa
=>0xe7f00580: fa fa fa fa fa fa fa fa fa fa fa fa fa fa[03]fa
  0xe7f00600: fa fa 00 04 fa fa 00 04 fa fa 00 04 fa fa fd fd
  0xe7f00680: fa fa fd fd fa fa fd fd fa fa fd fd fa fa fd fd
  0xe7f00700: fa fa fd fd fa fa fd fd fa fa fd fd fa fa fd fd
  0xe7f00780: fa fa fd fd fa fa 00 00 fa fa fa fa fa fa fa fa
  0xe7f00800: fa fa fa fa fa fa fa fa fa fa fa fa fa fa fa fa
Shadow byte legend (one shadow byte represents 8 application bytes):
  Addressable:           00
  Partially addressable: 01 02 03 04 05 06 07 
  Heap left redzone:       fa
  Freed heap region:       fd
  Stack left redzone:      f1
  Stack mid redzone:       f2
  Stack right redzone:     f3
  Stack after return:      f5
  Stack use after scope:   f8
  Global redzone:          f9
  Global init order:       f6
  Poisoned by user:        f7
  Container overflow:      fc
  Array cookie:            ac
  Intra object redzone:    bb
  ASan internal:           fe
  Left alloca redzone:     ca
  Right alloca redzone:    cb
==2257159==ABORTING
findings/nosan2/crashes/id:000015,sig:06,src:000064,time:3674944,execs:2270527,op:havoc,rep:62
