=================================================================
==2256801==ERROR: AddressSanitizer: heap-buffer-overflow on address 0xf1400778 at pc 0x5fd3c902 bp 0xff861428 sp 0xff860ffc
WRITE of size 16 at 0xf1400778 thread T0
    #0 0x5fd3c901 in __asan_memcpy (/home/kaitoozawa.guest/ifn657/assignments/assignment_2/sentinel_network/sentinel_network_asan_ubsan+0xbc901) (BuildId: 006626492187b053caab2cf57757f866090167d7)
    #1 0x5fd8a6aa in append_telecommand_payload /home/kaitoozawa.guest/ifn657/assignments/assignment_2/sentinel_network.c:68:5
    #2 0x5fd8a6aa in dispatch_telecommand /home/kaitoozawa.guest/ifn657/assignments/assignment_2/sentinel_network.c:136:17
    #3 0x5fd8ad11 in old_main /home/kaitoozawa.guest/ifn657/assignments/assignment_2/sentinel_network.c:180:17
    #4 0x5fd8b328 in main /home/kaitoozawa.guest/ifn657/assignments/assignment_2/sentinel_network.c:198:15
    #5 0xf39f6f5b in __libc_start_call_main csu/../sysdeps/nptl/libc_start_call_main.h:59:16
    #6 0xf39f7097 in __libc_start_main csu/../csu/libc-start.c:360:3
    #7 0x5fc9c496 in _start (/home/kaitoozawa.guest/ifn657/assignments/assignment_2/sentinel_network/sentinel_network_asan_ubsan+0x1c496) (BuildId: 006626492187b053caab2cf57757f866090167d7)

0xf1400778 is located 0 bytes after 8-byte region [0xf1400770,0xf1400778)
allocated by thread T0 here:
    #0 0x5fd3eb71 in malloc (/home/kaitoozawa.guest/ifn657/assignments/assignment_2/sentinel_network/sentinel_network_asan_ubsan+0xbeb71) (BuildId: 006626492187b053caab2cf57757f866090167d7)
    #1 0x5fd8a48e in create_telecommand_record /home/kaitoozawa.guest/ifn657/assignments/assignment_2/sentinel_network.c:53:27
    #2 0x5fd8a48e in dispatch_telecommand /home/kaitoozawa.guest/ifn657/assignments/assignment_2/sentinel_network.c:134:19
    #3 0x5fd8ad11 in old_main /home/kaitoozawa.guest/ifn657/assignments/assignment_2/sentinel_network.c:180:17
    #4 0x5fd8b328 in main /home/kaitoozawa.guest/ifn657/assignments/assignment_2/sentinel_network.c:198:15
    #5 0xf39f6f5b in __libc_start_call_main csu/../sysdeps/nptl/libc_start_call_main.h:59:16

SUMMARY: AddressSanitizer: heap-buffer-overflow (/home/kaitoozawa.guest/ifn657/assignments/assignment_2/sentinel_network/sentinel_network_asan_ubsan+0xbc901) (BuildId: 006626492187b053caab2cf57757f866090167d7) in __asan_memcpy
Shadow bytes around the buggy address:
  0xf1400480: fa fa fa fa fa fa fa fa fa fa fa fa fa fa fa fa
  0xf1400500: fa fa fa fa fa fa fa fa fa fa fa fa fa fa fa fa
  0xf1400580: fa fa fa fa fa fa fa fa fa fa fa fa fa fa fa fa
  0xf1400600: fa fa fa fa fa fa fa fa fa fa fa fa fa fa fa fa
  0xf1400680: fa fa fa fa fa fa fa fa fa fa fa fa fa fa fa fa
=>0xf1400700: fa fa fa fa fa fa fa fa fa fa fa fa fa fa 00[fa]
  0xf1400780: fa fa 00 04 fa fa 00 00 fa fa fa fa fa fa fa fa
  0xf1400800: fa fa fa fa fa fa fa fa fa fa fa fa fa fa fa fa
  0xf1400880: fa fa fa fa fa fa fa fa fa fa fa fa fa fa fa fa
  0xf1400900: fa fa fa fa fa fa fa fa fa fa fa fa fa fa fa fa
  0xf1400980: fa fa fa fa fa fa fa fa fa fa fa fa fa fa fa fa
Shadow byte legend (one shadow byte represents 8 application bytes):
  Addressable:           00
  Partially addressable: 01 02 03 04 05 06 07 
  Heap left redzone:       fa
  Freed heap region:       fd
  Stack left redzone:      f1
  Stack mid redzone:       f2
  Stack right redzone:     f3
  Stack after return:      f5
  Stack use after scope:   f8
  Global redzone:          f9
  Global init order:       f6
  Poisoned by user:        f7
  Container overflow:      fc
  Array cookie:            ac
  Intra object redzone:    bb
  ASan internal:           fe
  Left alloca redzone:     ca
  Right alloca redzone:    cb
==2256801==ABORTING
findings/master_nosan/crashes/id:000009,sig:06,src:000012,time:16442,execs:12177,op:havoc,rep:3
