=================================================================
==2257235==ERROR: AddressSanitizer: heap-buffer-overflow on address 0xe6100651 at pc 0x628ce902 bp 0xff8bf548 sp 0xff8bf11c
WRITE of size 9 at 0xe6100651 thread T0
    #0 0x628ce901 in __asan_memcpy (/home/kaitoozawa.guest/ifn657/assignments/assignment_2/sentinel_network/sentinel_network_asan_ubsan+0xbc901) (BuildId: 006626492187b053caab2cf57757f866090167d7)
    #1 0x6291c6aa in append_telecommand_payload /home/kaitoozawa.guest/ifn657/assignments/assignment_2/sentinel_network.c:68:5
    #2 0x6291c6aa in dispatch_telecommand /home/kaitoozawa.guest/ifn657/assignments/assignment_2/sentinel_network.c:136:17
    #3 0x6291cd11 in old_main /home/kaitoozawa.guest/ifn657/assignments/assignment_2/sentinel_network.c:180:17
    #4 0x6291d328 in main /home/kaitoozawa.guest/ifn657/assignments/assignment_2/sentinel_network.c:198:15
    #5 0xe86a7f5b in __libc_start_call_main csu/../sysdeps/nptl/libc_start_call_main.h:59:16
    #6 0xe86a8097 in __libc_start_main csu/../csu/libc-start.c:360:3
    #7 0x6282e496 in _start (/home/kaitoozawa.guest/ifn657/assignments/assignment_2/sentinel_network/sentinel_network_asan_ubsan+0x1c496) (BuildId: 006626492187b053caab2cf57757f866090167d7)

0xe6100651 is located 0 bytes after 1-byte region [0xe6100650,0xe6100651)
allocated by thread T0 here:
    #0 0x628d0b71 in malloc (/home/kaitoozawa.guest/ifn657/assignments/assignment_2/sentinel_network/sentinel_network_asan_ubsan+0xbeb71) (BuildId: 006626492187b053caab2cf57757f866090167d7)
    #1 0x6291c48e in create_telecommand_record /home/kaitoozawa.guest/ifn657/assignments/assignment_2/sentinel_network.c:53:27
    #2 0x6291c48e in dispatch_telecommand /home/kaitoozawa.guest/ifn657/assignments/assignment_2/sentinel_network.c:134:19
    #3 0x6291cd11 in old_main /home/kaitoozawa.guest/ifn657/assignments/assignment_2/sentinel_network.c:180:17
    #4 0x6291d328 in main /home/kaitoozawa.guest/ifn657/assignments/assignment_2/sentinel_network.c:198:15
    #5 0xe86a7f5b in __libc_start_call_main csu/../sysdeps/nptl/libc_start_call_main.h:59:16

SUMMARY: AddressSanitizer: heap-buffer-overflow (/home/kaitoozawa.guest/ifn657/assignments/assignment_2/sentinel_network/sentinel_network_asan_ubsan+0xbc901) (BuildId: 006626492187b053caab2cf57757f866090167d7) in __asan_memcpy
Shadow bytes around the buggy address:
  0xe6100380: fa fa fa fa fa fa fa fa fa fa fa fa fa fa fa fa
  0xe6100400: fa fa fa fa fa fa fa fa fa fa fa fa fa fa fa fa
  0xe6100480: fa fa fa fa fa fa fa fa fa fa fa fa fa fa fa fa
  0xe6100500: fa fa fa fa fa fa fa fa fa fa fa fa fa fa fa fa
  0xe6100580: fa fa fa fa fa fa fa fa fa fa fa fa fa fa fa fa
=>0xe6100600: fa fa fa fa fa fa fa fa fa fa[01]fa fa fa 00 04
  0xe6100680: fa fa 00 04 fa fa 00 04 fa fa 00 04 fa fa 00 04
  0xe6100700: fa fa 00 04 fa fa 00 04 fa fa 00 04 fa fa 00 04
  0xe6100780: fa fa fd fd fa fa 00 00 fa fa fa fa fa fa fa fa
  0xe6100800: fa fa fa fa fa fa fa fa fa fa fa fa fa fa fa fa
  0xe6100880: fa fa fa fa fa fa fa fa fa fa fa fa fa fa fa fa
Shadow byte legend (one shadow byte represents 8 application bytes):
  Addressable:           00
  Partially addressable: 01 02 03 04 05 06 07 
  Heap left redzone:       fa
  Freed heap region:       fd
  Stack left redzone:      f1
  Stack mid redzone:       f2
  Stack right redzone:     f3
  Stack after return:      f5
  Stack use after scope:   f8
  Global redzone:          f9
  Global init order:       f6
  Poisoned by user:        f7
  Container overflow:      fc
  Array cookie:            ac
  Intra object redzone:    bb
  ASan internal:           fe
  Left alloca redzone:     ca
  Right alloca redzone:    cb
==2257235==ABORTING
findings/nosan3/crashes/id:000009,sig:06,src:000023,time:39764,execs:29683,op:havoc,rep:1
