=================================================================
==2256767==ERROR: AddressSanitizer: heap-buffer-overflow on address 0xe6000778 at pc 0x6229f902 bp 0xffb3ede8 sp 0xffb3e9bc
WRITE of size 16 at 0xe6000778 thread T0
    #0 0x6229f901 in __asan_memcpy (/home/kaitoozawa.guest/ifn657/assignments/assignment_2/sentinel_network/sentinel_network_asan_ubsan+0xbc901) (BuildId: 006626492187b053caab2cf57757f866090167d7)
    #1 0x622ed6aa in append_telecommand_payload /home/kaitoozawa.guest/ifn657/assignments/assignment_2/sentinel_network.c:68:5
    #2 0x622ed6aa in dispatch_telecommand /home/kaitoozawa.guest/ifn657/assignments/assignment_2/sentinel_network.c:136:17
    #3 0x622edd11 in old_main /home/kaitoozawa.guest/ifn657/assignments/assignment_2/sentinel_network.c:180:17
    #4 0x622ee328 in main /home/kaitoozawa.guest/ifn657/assignments/assignment_2/sentinel_network.c:198:15
    #5 0xe85baf5b in __libc_start_call_main csu/../sysdeps/nptl/libc_start_call_main.h:59:16
    #6 0xe85bb097 in __libc_start_main csu/../csu/libc-start.c:360:3
    #7 0x621ff496 in _start (/home/kaitoozawa.guest/ifn657/assignments/assignment_2/sentinel_network/sentinel_network_asan_ubsan+0x1c496) (BuildId: 006626492187b053caab2cf57757f866090167d7)

0xe6000778 is located 0 bytes after 8-byte region [0xe6000770,0xe6000778)
allocated by thread T0 here:
    #0 0x622a1b71 in malloc (/home/kaitoozawa.guest/ifn657/assignments/assignment_2/sentinel_network/sentinel_network_asan_ubsan+0xbeb71) (BuildId: 006626492187b053caab2cf57757f866090167d7)
    #1 0x622ed48e in create_telecommand_record /home/kaitoozawa.guest/ifn657/assignments/assignment_2/sentinel_network.c:53:27
    #2 0x622ed48e in dispatch_telecommand /home/kaitoozawa.guest/ifn657/assignments/assignment_2/sentinel_network.c:134:19
    #3 0x622edd11 in old_main /home/kaitoozawa.guest/ifn657/assignments/assignment_2/sentinel_network.c:180:17
    #4 0x622ee328 in main /home/kaitoozawa.guest/ifn657/assignments/assignment_2/sentinel_network.c:198:15
    #5 0xe85baf5b in __libc_start_call_main csu/../sysdeps/nptl/libc_start_call_main.h:59:16

SUMMARY: AddressSanitizer: heap-buffer-overflow (/home/kaitoozawa.guest/ifn657/assignments/assignment_2/sentinel_network/sentinel_network_asan_ubsan+0xbc901) (BuildId: 006626492187b053caab2cf57757f866090167d7) in __asan_memcpy
Shadow bytes around the buggy address:
  0xe6000480: fa fa fa fa fa fa fa fa fa fa fa fa fa fa fa fa
  0xe6000500: fa fa fa fa fa fa fa fa fa fa fa fa fa fa fa fa
  0xe6000580: fa fa fa fa fa fa fa fa fa fa fa fa fa fa fa fa
  0xe6000600: fa fa fa fa fa fa fa fa fa fa fa fa fa fa fa fa
  0xe6000680: fa fa fa fa fa fa fa fa fa fa fa fa fa fa fa fa
=>0xe6000700: fa fa fa fa fa fa fa fa fa fa fa fa fa fa 00[fa]
  0xe6000780: fa fa 00 04 fa fa 00 00 fa fa fa fa fa fa fa fa
  0xe6000800: fa fa fa fa fa fa fa fa fa fa fa fa fa fa fa fa
  0xe6000880: fa fa fa fa fa fa fa fa fa fa fa fa fa fa fa fa
  0xe6000900: fa fa fa fa fa fa fa fa fa fa fa fa fa fa fa fa
  0xe6000980: fa fa fa fa fa fa fa fa fa fa fa fa fa fa fa fa
Shadow byte legend (one shadow byte represents 8 application bytes):
  Addressable:           00
  Partially addressable: 01 02 03 04 05 06 07 
  Heap left redzone:       fa
  Freed heap region:       fd
  Stack left redzone:      f1
  Stack mid redzone:       f2
  Stack right redzone:     f3
  Stack after return:      f5
  Stack use after scope:   f8
  Global redzone:          f9
  Global init order:       f6
  Poisoned by user:        f7
  Container overflow:      fc
  Array cookie:            ac
  Intra object redzone:    bb
  ASan internal:           fe
  Left alloca redzone:     ca
  Right alloca redzone:    cb
==2256767==ABORTING
findings/master_nosan/crashes/id:000004,sig:06,src:000010,time:4835,execs:3515,op:havoc,rep:3
