=================================================================
==2256601==ERROR: AddressSanitizer: stack-buffer-overflow on address 0xf2400090 at pc 0x6582580e bp 0xffe5ab88 sp 0xffe5a754
WRITE of size 131 at 0xf2400090 thread T0
    #0 0x6582580d in vsprintf (/home/kaitoozawa.guest/ifn657/assignments/assignment_2/sentinel_network/sentinel_network_asan_ubsan+0x4380d) (BuildId: 006626492187b053caab2cf57757f866090167d7)
    #1 0x6582672c in sprintf (/home/kaitoozawa.guest/ifn657/assignments/assignment_2/sentinel_network/sentinel_network_asan_ubsan+0x4472c) (BuildId: 006626492187b053caab2cf57757f866090167d7)
    #2 0x658ec2b8 in log_telecommand_header /home/kaitoozawa.guest/ifn657/assignments/assignment_2/sentinel_network.c:43:5
    #3 0x658ec2b8 in dispatch_telecommand /home/kaitoozawa.guest/ifn657/assignments/assignment_2/sentinel_network.c:120:5
    #4 0x658ecd11 in old_main /home/kaitoozawa.guest/ifn657/assignments/assignment_2/sentinel_network.c:180:17
    #5 0x658ed328 in main /home/kaitoozawa.guest/ifn657/assignments/assignment_2/sentinel_network.c:198:15
    #6 0xf3943f5b in __libc_start_call_main csu/../sysdeps/nptl/libc_start_call_main.h:59:16
    #7 0xf3944097 in __libc_start_main csu/../csu/libc-start.c:360:3
    #8 0x657fe496 in _start (/home/kaitoozawa.guest/ifn657/assignments/assignment_2/sentinel_network/sentinel_network_asan_ubsan+0x1c496) (BuildId: 006626492187b053caab2cf57757f866090167d7)

Address 0xf2400090 is located in stack of thread T0 at offset 144 in frame
    #0 0x658ebfa7 in dispatch_telecommand /home/kaitoozawa.guest/ifn657/assignments/assignment_2/sentinel_network.c:103

  This frame has 1 object(s):
    [16, 144) 'header_summary' (line 36) <== Memory access at offset 144 overflows this variable
HINT: this may be a false positive if your program uses some custom stack unwind mechanism, swapcontext or vfork
      (longjmp and C++ exceptions *are* supported)
SUMMARY: AddressSanitizer: stack-buffer-overflow (/home/kaitoozawa.guest/ifn657/assignments/assignment_2/sentinel_network/sentinel_network_asan_ubsan+0x4380d) (BuildId: 006626492187b053caab2cf57757f866090167d7) in vsprintf
Shadow bytes around the buggy address:
  0xf23ffe00: 00 00 00 00 00 00 00 00 00 00 00 00 00 00 00 00
  0xf23ffe80: 00 00 00 00 00 00 00 00 00 00 00 00 00 00 00 00
  0xf23fff00: 00 00 00 00 00 00 00 00 00 00 00 00 00 00 00 00
  0xf23fff80: 00 00 00 00 00 00 00 00 00 00 00 00 00 00 00 00
  0xf2400000: f1 f1 00 00 00 00 00 00 00 00 00 00 00 00 00 00
=>0xf2400080: 00 00[f3]f3 f3 f3 f3 f3 f3 f3 f3 f3 f3 f3 f3 f3
  0xf2400100: 00 00 00 00 00 00 00 00 00 00 00 00 00 00 00 00
  0xf2400180: 00 00 00 00 00 00 00 00 00 00 00 00 00 00 00 00
  0xf2400200: 00 00 00 00 00 00 00 00 00 00 00 00 00 00 00 00
  0xf2400280: 00 00 00 00 00 00 00 00 00 00 00 00 00 00 00 00
  0xf2400300: 00 00 00 00 00 00 00 00 00 00 00 00 00 00 00 00
Shadow byte legend (one shadow byte represents 8 application bytes):
  Addressable:           00
  Partially addressable: 01 02 03 04 05 06 07 
  Heap left redzone:       fa
  Freed heap region:       fd
  Stack left redzone:      f1
  Stack mid redzone:       f2
  Stack right redzone:     f3
  Stack after return:      f5
  Stack use after scope:   f8
  Global redzone:          f9
  Global init order:       f6
  Poisoned by user:        f7
  Container overflow:      fc
  Array cookie:            ac
  Intra object redzone:    bb
  ASan internal:           fe
  Left alloca redzone:     ca
  Right alloca redzone:    cb
==2256601==ABORTING
findings/asan_ubsan/crashes/id:000001,sig:06,src:000001,time:2893,execs:2652,op:havoc,rep:9
