=================================================================
==2256918==ERROR: AddressSanitizer: heap-use-after-free on address 0xe8500790 at pc 0x662bfbe1 bp 0xffa8fc28 sp 0xffa8fc20
READ of size 4 at 0xe8500790 thread T0
    #0 0x662bfbe0 in release_telecommand_record /home/kaitoozawa.guest/ifn657/assignments/assignment_2/sentinel_network.c:73:14
    #1 0x662bfbe0 in emergency_command_cleanup /home/kaitoozawa.guest/ifn657/assignments/assignment_2/sentinel_network.c:83:13
    #2 0x662c0ebb in old_main /home/kaitoozawa.guest/ifn657/assignments/assignment_2/sentinel_network.c:189:5
    #3 0x662c1328 in main /home/kaitoozawa.guest/ifn657/assignments/assignment_2/sentinel_network.c:198:15
    #4 0xeaadff5b in __libc_start_call_main csu/../sysdeps/nptl/libc_start_call_main.h:59:16
    #5 0xeaae0097 in __libc_start_main csu/../csu/libc-start.c:360:3
    #6 0x661d2496 in _start (/home/kaitoozawa.guest/ifn657/assignments/assignment_2/sentinel_network/sentinel_network_asan_ubsan+0x1c496) (BuildId: 006626492187b053caab2cf57757f866090167d7)

0xe8500790 is located 0 bytes inside of 12-byte region [0xe8500790,0xe850079c)
freed by thread T0 here:
    #0 0x662748ee in free (/home/kaitoozawa.guest/ifn657/assignments/assignment_2/sentinel_network/sentinel_network_asan_ubsan+0xbe8ee) (BuildId: 006626492187b053caab2cf57757f866090167d7)
    #1 0x662bf2c1 in release_telecommand_record /home/kaitoozawa.guest/ifn657/assignments/assignment_2/sentinel_network.c:77:5
    #2 0x662bf2c1 in emergency_command_cleanup /home/kaitoozawa.guest/ifn657/assignments/assignment_2/sentinel_network.c:83:13
    #3 0x662c057b in dispatch_telecommand /home/kaitoozawa.guest/ifn657/assignments/assignment_2/sentinel_network.c:142:13
    #4 0x662c0d11 in old_main /home/kaitoozawa.guest/ifn657/assignments/assignment_2/sentinel_network.c:180:17
    #5 0x662c1328 in main /home/kaitoozawa.guest/ifn657/assignments/assignment_2/sentinel_network.c:198:15
    #6 0xeaadff5b in __libc_start_call_main csu/../sysdeps/nptl/libc_start_call_main.h:59:16

previously allocated by thread T0 here:
    #0 0x66274b71 in malloc (/home/kaitoozawa.guest/ifn657/assignments/assignment_2/sentinel_network/sentinel_network_asan_ubsan+0xbeb71) (BuildId: 006626492187b053caab2cf57757f866090167d7)
    #1 0x662c0339 in create_telecommand_record /home/kaitoozawa.guest/ifn657/assignments/assignment_2/sentinel_network.c:49:51
    #2 0x662c0339 in dispatch_telecommand /home/kaitoozawa.guest/ifn657/assignments/assignment_2/sentinel_network.c:126:19
    #3 0x662c0d11 in old_main /home/kaitoozawa.guest/ifn657/assignments/assignment_2/sentinel_network.c:180:17
    #4 0x662c1328 in main /home/kaitoozawa.guest/ifn657/assignments/assignment_2/sentinel_network.c:198:15
    #5 0xeaadff5b in __libc_start_call_main csu/../sysdeps/nptl/libc_start_call_main.h:59:16

SUMMARY: AddressSanitizer: heap-use-after-free /home/kaitoozawa.guest/ifn657/assignments/assignment_2/sentinel_network.c:73:14 in release_telecommand_record
Shadow bytes around the buggy address:
  0xe8500500: fa fa fa fa fa fa fa fa fa fa fa fa fa fa fa fa
  0xe8500580: fa fa fa fa fa fa fa fa fa fa fa fa fa fa fa fa
  0xe8500600: fa fa fa fa fa fa fa fa fa fa fa fa fa fa fa fa
  0xe8500680: fa fa fa fa fa fa fa fa fa fa fa fa fa fa fa fa
  0xe8500700: fa fa fa fa fa fa fa fa fa fa fa fa fa fa fa fa
=>0xe8500780: fa fa[fd]fd fa fa 00 00 fa fa fa fa fa fa fa fa
  0xe8500800: fa fa fa fa fa fa fa fa fa fa fa fa fa fa fa fa
  0xe8500880: fa fa fa fa fa fa fa fa fa fa fa fa fa fa fa fa
  0xe8500900: fa fa fa fa fa fa fa fa fa fa fa fa fa fa fa fa
  0xe8500980: fa fa fa fa fa fa fa fa fa fa fa fa fa fa fa fa
  0xe8500a00: fa fa fa fa fa fa fa fa fa fa fa fa fa fa fa fa
Shadow byte legend (one shadow byte represents 8 application bytes):
  Addressable:           00
  Partially addressable: 01 02 03 04 05 06 07 
  Heap left redzone:       fa
  Freed heap region:       fd
  Stack left redzone:      f1
  Stack mid redzone:       f2
  Stack right redzone:     f3
  Stack after return:      f5
  Stack use after scope:   f8
  Global redzone:          f9
  Global init order:       f6
  Poisoned by user:        f7
  Container overflow:      fc
  Array cookie:            ac
  Intra object redzone:    bb
  ASan internal:           fe
  Left alloca redzone:     ca
  Right alloca redzone:    cb
==2256918==ABORTING
findings/msan/crashes/id:000009,sig:06,src:000003,time:197484,execs:87749,op:havoc,rep:4
