[PAYLOAD ERROR] =================================================================
==1853246==ERROR: AddressSanitizer: stack-buffer-underflow on address 0xf6900000 at pc 0x5666cf07 bp 0xff895ec8 sp 0xff895a60
WRITE of size 4 at 0xf6900000 thread T0
    #0 0x5666cf06 in printf_common(void*, char const*, char*) asan_interceptors.cpp.o
    #1 0x5666e7b6 in fprintf (/home/rachel/ifn657_assignment_2/sentinel_payload/sentinel_payload_asan_ubsan+0x447b6) (BuildId: ee7803d924b2699b554e434f9a2970d030f342c8)
    #2 0x56646491 in log_payload_error /home/rachel/ifn657_assignment_2/sentinel_payload/sentinel_payload.c:35:5
    #3 0x56733a0e in parse_payload_file /home/rachel/ifn657_assignment_2/sentinel_payload/sentinel_payload.c
    #4 0x56733c72 in old_main /home/rachel/ifn657_assignment_2/sentinel_payload/sentinel_payload.c:148:18
    #5 0x56734147 in main /home/rachel/ifn657_assignment_2/sentinel_payload/sentinel_payload.c:160:15
    #6 0xf7b88f5b  (/usr/lib32/libc.so.6+0x25f5b) (BuildId: b2f9ff1a775a2a827a847840bcabf5c682d5109a)
    #7 0xf7b89097 in __libc_start_main (/usr/lib32/libc.so.6+0x26097) (BuildId: b2f9ff1a775a2a827a847840bcabf5c682d5109a)
    #8 0x56646636 in _start (/home/rachel/ifn657_assignment_2/sentinel_payload/sentinel_payload_asan_ubsan+0x1c636) (BuildId: ee7803d924b2699b554e434f9a2970d030f342c8)

Address 0xf6900000 is located in stack of thread T0 at offset 0 in frame
    #0 0x567333b7 in parse_payload_file /home/rachel/ifn657_assignment_2/sentinel_payload/sentinel_payload.c:88

  This frame has 6 object(s):
    [16, 80) 'local_label' (line 28)
    [112, 368) 'header_line' (line 89)
    [432, 560) 'label_buffer' (line 90)
    [592, 596) 'width' (line 91)
    [608, 612) 'height' (line 91)
    [624, 628) 'depth' (line 91)
HINT: this may be a false positive if your program uses some custom stack unwind mechanism, swapcontext or vfork
      (longjmp and C++ exceptions *are* supported)
SUMMARY: AddressSanitizer: stack-buffer-underflow asan_interceptors.cpp.o in printf_common(void*, char const*, char*)
Shadow bytes around the buggy address:
  0xf68ffd80: 00 00 00 00 00 00 00 00 00 00 00 00 00 00 00 00
  0xf68ffe00: 00 00 00 00 00 00 00 00 00 00 00 00 00 00 00 00
  0xf68ffe80: 00 00 00 00 00 00 00 00 00 00 00 00 00 00 00 00
  0xf68fff00: 00 00 00 00 00 00 00 00 00 00 00 00 00 00 00 00
  0xf68fff80: 00 00 00 00 00 00 00 00 00 00 00 00 00 00 00 00
=>0xf6900000:[f1]f1 f8 f8 f8 f8 f8 f8 f8 f8 f2 f2 f2 f2 00 00
  0xf6900080: 00 00 00 00 00 00 00 00 00 00 00 00 00 00 00 00
  0xf6900100: 00 00 00 00 00 00 00 00 00 00 00 00 00 00 f2 f2
  0xf6900180: f2 f2 f2 f2 f2 f2 00 00 00 00 00 00 00 00 00 00
  0xf6900200: 00 00 00 00 00 00 f2 f2 f2 f2 04 f2 04 f2 04 f3
  0xf6900280: f3 f3 f3 f3 f3 f3 f3 f3 f3 f3 f3 f3 f3 f3 f3 f3
Shadow byte legend (one shadow byte represents 8 application bytes):
  Addressable:           00
  Partially addressable: 01 02 03 04 05 06 07 
  Heap left redzone:       fa
  Freed heap region:       fd
  Stack left redzone:      f1
  Stack mid redzone:       f2
  Stack right redzone:     f3
  Stack after return:      f5
  Stack use after scope:   f8
  Global redzone:          f9
  Global init order:       f6
  Poisoned by user:        f7
  Container overflow:      fc
  Array cookie:            ac
  Intra object redzone:    bb
  ASan internal:           fe
  Left alloca redzone:     ca
  Right alloca redzone:    cb
==1853246==ABORTING
out/msan/crashes/id:000001,sig:11,src:000004,time:27,execs:135,op:havoc,rep:7
