=================================================================
==1595557==ERROR: AddressSanitizer: stack-buffer-overflow on address 0x7bfff5c00360 at pc 0x5555555abc4f bp 0x7fffffffde80 sp 0x7fffffffd630
WRITE of size 65 at 0x7bfff5c00360 thread T0
    #0 0x5555555abc4e in vsprintf (/home/clairelin.guest/IFN657-A2/ifn657_assignment_2/sentinel_telemetry/sentinel_telemetry_asan_ubsan+0x57c4e) (BuildId: 462474cdee1fe5275def3aad7d467b26fdbb53f9)
    #1 0x5555555ace0e in sprintf (/home/clairelin.guest/IFN657-A2/ifn657_assignment_2/sentinel_telemetry/sentinel_telemetry_asan_ubsan+0x58e0e) (BuildId: 462474cdee1fe5275def3aad7d467b26fdbb53f9)
    #2 0x55555566c66a in process_telemetry_directive /home/clairelin.guest/IFN657-A2/ifn657_assignment_2/sentinel_telemetry/sentinel_telemetry.c:100:5
    #3 0x55555566d35c in parse_telemetry_line /home/clairelin.guest/IFN657-A2/ifn657_assignment_2/sentinel_telemetry/sentinel_telemetry.c:161:5
    #4 0x55555566db19 in parse_telemetry_stream /home/clairelin.guest/IFN657-A2/ifn657_assignment_2/sentinel_telemetry/sentinel_telemetry.c:173:13
    #5 0x55555566db19 in main /home/clairelin.guest/IFN657-A2/ifn657_assignment_2/sentinel_telemetry/sentinel_telemetry.c:200:17
    #6 0x7ffff7c2a600  (/usr/lib/x86_64-linux-gnu/libc.so.6+0x2a600) (BuildId: 066527e430a32768d82741e00b81eebb1a872294)
    #7 0x7ffff7c2a717 in __libc_start_main (/usr/lib/x86_64-linux-gnu/libc.so.6+0x2a717) (BuildId: 066527e430a32768d82741e00b81eebb1a872294)
    #8 0x555555582484 in _start (/home/clairelin.guest/IFN657-A2/ifn657_assignment_2/sentinel_telemetry/sentinel_telemetry_asan_ubsan+0x2e484) (BuildId: 462474cdee1fe5275def3aad7d467b26fdbb53f9)

Address 0x7bfff5c00360 is located in stack of thread T0 at offset 352 in frame
    #0 0x55555566be97 in process_telemetry_directive /home/clairelin.guest/IFN657-A2/ifn657_assignment_2/sentinel_telemetry/sentinel_telemetry.c:64

  This frame has 3 object(s):
    [32, 96) 'formatted_key' (line 65)
    [128, 256) 'formatted_value' (line 66)
    [288, 352) 'status_output' (line 67) <== Memory access at offset 352 overflows this variable
HINT: this may be a false positive if your program uses some custom stack unwind mechanism, swapcontext or vfork
      (longjmp and C++ exceptions *are* supported)
SUMMARY: AddressSanitizer: stack-buffer-overflow (/home/clairelin.guest/IFN657-A2/ifn657_assignment_2/sentinel_telemetry/sentinel_telemetry_asan_ubsan+0x57c4e) (BuildId: 462474cdee1fe5275def3aad7d467b26fdbb53f9) in vsprintf
Shadow bytes around the buggy address:
  0x7bfff5c00080: 00 00 00 00 00 00 00 00 00 00 00 00 00 00 00 00
  0x7bfff5c00100: 00 00 00 00 f3 f3 f3 f3 f3 f3 f3 f3 f3 f3 f3 f3
  0x7bfff5c00180: f3 f3 f3 f3 f3 f3 f3 f3 f3 f3 f3 f3 f3 f3 f3 f3
  0x7bfff5c00200: f1 f1 f1 f1 00 00 00 00 00 00 00 00 f2 f2 f2 f2
  0x7bfff5c00280: 00 00 00 00 00 00 00 00 00 00 00 00 00 00 00 00
=>0x7bfff5c00300: f2 f2 f2 f2 00 00 00 00 00 00 00 00[f3]f3 f3 f3
  0x7bfff5c00380: f3 f3 f3 f3 f3 f3 f3 f3 f3 f3 f3 f3 f3 f3 f3 f3
  0x7bfff5c00400: 00 00 00 00 00 00 00 00 00 00 00 00 00 00 00 00
  0x7bfff5c00480: 00 00 00 00 00 00 00 00 00 00 00 00 00 00 00 00
  0x7bfff5c00500: 00 00 00 00 00 00 00 00 00 00 00 00 00 00 00 00
  0x7bfff5c00580: 00 00 00 00 00 00 00 00 00 00 00 00 00 00 00 00
Shadow byte legend (one shadow byte represents 8 application bytes):
  Addressable:           00
  Partially addressable: 01 02 03 04 05 06 07 
  Heap left redzone:       fa
  Freed heap region:       fd
  Stack left redzone:      f1
  Stack mid redzone:       f2
  Stack right redzone:     f3
  Stack after return:      f5
  Stack use after scope:   f8
  Global redzone:          f9
  Global init order:       f6
  Poisoned by user:        f7
  Container overflow:      fc
  Array cookie:            ac
  Intra object redzone:    bb
  ASan internal:           fe
  Left alloca redzone:     ca
  Right alloca redzone:    cb
==1595557==ABORTING
fuzz_out_asan_ubsan/default/crashes/id:000002,sig:06,src:000000,time:9304,execs:651,op:havoc,rep:5
